// Vitest Snapshot v1, https://vitest.dev/guide/snapshot.html

exports[`SearchBar.vue > matches snapshot 1`] = `"<div data-v-6ab8b910="" class="search-bar"><input data-v-6ab8b910="" type="text" placeholder="Search TV shows..." class="search-bar__input"></div>"`;
